
> librowse@1.0.0 test
> jest tests/credits.test.js

  console.log
    [Cloudinary] Configured. Cloud name: (none)

      at Object.log (routes/books.js:33:13)

  console.log
    MockDB Query: select id, is_verified from users where email = ? or student_no = ? [ 'newuser@plv.edu.ph', '21-0408' ]

      at log (tests/mocks/statefulDb.js:8:13)

  console.log
    MockDB Query: insert into users (email, student_no, fname, lname, pass_hash, course, year, 
                 is_verified, verification_status, ver_token, ver_token_expiry, credits, created)
                 values (?, ?, ?, ?, ?, ?, ?, false, 'pending', ?, ?, 100, now()) [
      'newuser@plv.edu.ph',
      '21-0408',
      'newuser',
      'Test',
      'hashed_secret',
      'BSIT',
      1,
      '320019',
      2025-11-30T04:59:07.148Z
    ]

      at log (tests/mocks/statefulDb.js:8:13)

  console.log
    MockDB Query: select id, is_verified from users where email = ? or student_no = ? [ 'lender@plv.edu.ph', '21-2067' ]

      at log (tests/mocks/statefulDb.js:8:13)

  console.log
    MockDB Query: insert into users (email, student_no, fname, lname, pass_hash, course, year, 
                 is_verified, verification_status, ver_token, ver_token_expiry, credits, created)
                 values (?, ?, ?, ?, ?, ?, ?, false, 'pending', ?, ?, 100, now()) [
      'lender@plv.edu.ph',
      '21-2067',
      'lender',
      'Test',
      'hashed_secret',
      'BSIT',
      1,
      '247032',
      2025-11-30T04:59:07.161Z
    ]

      at log (tests/mocks/statefulDb.js:8:13)

  console.log
    MockDB Query: select id, is_verified from users where email = ? or student_no = ? [ 'borrower@plv.edu.ph', '21-9025' ]

      at log (tests/mocks/statefulDb.js:8:13)

  console.log
    MockDB Query: insert into users (email, student_no, fname, lname, pass_hash, course, year, 
                 is_verified, verification_status, ver_token, ver_token_expiry, credits, created)
                 values (?, ?, ?, ?, ?, ?, ?, false, 'pending', ?, ?, 100, now()) [
      'borrower@plv.edu.ph',
      '21-9025',
      'borrower',
      'Test',
      'hashed_secret',
      'BSIT',
      1,
      '789027',
      2025-11-30T04:59:07.168Z
    ]

      at log (tests/mocks/statefulDb.js:8:13)

  console.log
    MockDB Query: insert into books (
                        title, author, isbn, course_code, subject, edition, publisher, publication_year,
                        condition_rating, description, owner_id, is_available, minimum_credits,
                        cover_image, created_at
                    ) values (?, ?, ?, ?, ?, ?, ?, ?, ?, ?, ?, true, ?, ?, now()) [
      'Test Book', 'Auth',
      null,        'IT101',
      'General',   null,
      null,        null,
      'good',      null,
      1,           50,
      null
    ]

      at log (tests/mocks/statefulDb.js:8:13)

  console.log
    MockDB Query: select
                        b.*,
                        concat(u.fname, ' ', u.lname) as owner_name
                    from books b
                    join users u on b.owner_id = u.id
                    where b.id = ? [ 1 ]

      at log (tests/mocks/statefulDb.js:8:13)

  console.log
    MockDB Query: select b.*, concat(u.fname, ' ', u.lname) as owner_name
                from books b
                join users u on b.owner_id = u.id
                where b.id = ? and b.is_available = true [ 1 ]

      at log (tests/mocks/statefulDb.js:8:13)

  console.log
    MockDB Query: select is_verified, email_verified, verification_status from users where id = ? [ 2 ]

      at log (tests/mocks/statefulDb.js:8:13)

  console.log
    ≡ƒöì DEBUG - User ID: 2 | Verification data: {
      id: 2,
      email: 'borrower@plv.edu.ph',
      student_no: '21-9025',
      fname: 'borrower',
      lname: 'Test',
      pass_hash: 'hashed_secret',
      course: 'BSIT',
      year: 1,
      is_verified: 1,
      email_verified: 0,
      verification_status: 'verified',
      credits: 100
    }

      at log (routes/transactions.js:329:17)

  console.log
    Γ£à VERIFICATION PASSED - User 2 is verified

      at log (routes/transactions.js:352:17)

  console.log
    MockDB Query: select credits from users where id = ? [ 2 ]

      at log (tests/mocks/statefulDb.js:8:13)

  console.log
    MockDB Query: select count(*) as count
                from transactions
                where borrower_id = ? and status in ('pending', 'approved', 'borrowed') [ 2 ]

      at log (tests/mocks/statefulDb.js:8:13)

  console.log
    DEBUG: Step 5 start

      at log (routes/transactions.js:386:17)

  console.log
    DEBUG: libCfg { closuresEnabled: false, weeklyClosedDays: [], holidays: [] }

      at log (routes/transactions.js:388:17)

  console.log
    DEBUG: durationDays 7

      at log (routes/transactions.js:390:17)

  console.log
    DEBUG: calculating expected_return_date

      at log (routes/transactions.js:399:17)

  console.log
    DEBUG: expected_return_date 2023-01-08

      at log (routes/transactions.js:401:17)

  console.log
    DEBUG: Inserting transaction with values: [
      1,
      2,
      1,
      'I need this for my class project please.',
      '09123456789',
      null,
      'meetup',
      'Library',
      '2023-01-08'
    ]

      at log (routes/transactions.js:410:17)

  console.log
    MockDB Query: insert into transactions (
                    book_id, borrower_id, lender_id, status, request_message,
                    borrower_contact, borrower_address, pickup_method, pickup_location,
                    expected_return_date, request_date
                ) values (?, ?, ?, 'pending', ?, ?, ?, ?, ?, ?, now()) [
      1,
      2,
      1,
      'I need this for my class project please.',
      '09123456789',
      null,
      'meetup',
      'Library',
      '2023-01-08'
    ]

      at log (tests/mocks/statefulDb.js:8:13)

  console.log
    MockDB Query: update transactions
                    set preferred_pickup_time = ?, borrow_duration = ?
                    where id = ? [ null, '1-week', 1 ]

      at log (tests/mocks/statefulDb.js:8:13)

  console.log
    DEBUG: Fetching borrower details for user 2

      at log (routes/transactions.js:431:17)

  console.log
    MockDB Query: select fname, lname, email from users where id = ? [ 2 ]

      at log (tests/mocks/statefulDb.js:8:13)

  console.log
    DEBUG: Borrower rows: [
      {
        id: 2,
        email: 'borrower@plv.edu.ph',
        student_no: '21-9025',
        fname: 'borrower',
        lname: 'Test',
        pass_hash: 'hashed_secret',
        course: 'BSIT',
        year: 1,
        is_verified: 1,
        email_verified: 0,
        verification_status: 'verified',
        credits: 100
      }
    ]

      at log (routes/transactions.js:433:17)

  console.log
    DEBUG: Calling createNotification {
      owner_id: 1,
      borrowerFullName: 'borrower Test',
      title: 'Test Book',
      insertId: 1
    }

      at log (routes/transactions.js:437:17)

  console.log
    MockDB Query: insert into notifications (user_id, title, body, category, related_id) values (?, ?, ?, ?, ?) [
      1,
      'New Borrow Request',
      'borrower Test wants to borrow "Test Book"',
      'transaction',
      1
    ]

      at log (tests/mocks/statefulDb.js:8:13)

  console.log
    MockDB Query: select email from users where id = ? [ 1 ]

      at log (tests/mocks/statefulDb.js:8:13)

  console.log
    MockDB Query: insert into notifications 
                (user_id, title, body, category, related_id, is_read)
                values (?, ?, ?, ?, ?, false) [
      1,
      'New Borrow Request from borrower Test',
      '{"borrowerName":"borrower Test","bookTitle":"Test Book","message":"I need this for my class project please."}',
      'transaction',
      0
    ]

      at log (tests/mocks/statefulDb.js:8:13)

  console.error
    Error sending email: TypeError: axios is not a function
        at C:\Users\JV\Documents\GitHub\LiBrowse\node_modules\@sendgrid\client\src\classes\client.js:157:7
        at new Promise (<anonymous>)
        at Client.request (C:\Users\JV\Documents\GitHub\LiBrowse\node_modules\@sendgrid\client\src\classes\client.js:156:21)
        at MailService.send (C:\Users\JV\Documents\GitHub\LiBrowse\node_modules\@sendgrid\mail\src\classes\mail-service.js:209:26)
        at Function.sendNotificationEmail (C:\Users\JV\Documents\GitHub\LiBrowse\services\emailService:34:26)
        at Function.notifyBorrowRequest (C:\Users\JV\Documents\GitHub\LiBrowse\services\notificationHelper:35:32)
        at processTicksAndRejections (node:internal/process/task_queues:105:5)
        at C:\Users\JV\Documents\GitHub\LiBrowse\routes\transactions.js:450:13

    [0m [90m 36 |[39m             [36mreturn[39m [36mtrue[39m[33m;[39m
     [90m 37 |[39m         } [36mcatch[39m (error) {
    [31m[1m>[22m[39m[90m 38 |[39m             console[33m.[39merror([32m'Error sending email:'[39m[33m,[39m error)[33m;[39m
     [90m    |[39m                     [31m[1m^[22m[39m
     [90m 39 |[39m             [36mreturn[39m [36mfalse[39m[33m;[39m
     [90m 40 |[39m         }
     [90m 41 |[39m     }[0m

      at Function.sendNotificationEmail (services/emailService:38:21)
      at Function.notifyBorrowRequest (services/notificationHelper:35:13)
      at routes/transactions.js:450:13

  console.log
    Email notification sent to lender (ID: 1)

      at log (routes/transactions.js:458:21)

  console.log
    MockDB Query: update books set is_available = false where id = ? [ 1 ]

      at log (tests/mocks/statefulDb.js:8:13)

  console.log
    MockDB Query: select t.*, b.title as book_title, b.author as book_author, concat(u.fname, ' ', u.lname) as borrower_name
                from transactions t
                join books b on t.book_id = b.id
                join users u on t.borrower_id = u.id
                where t.id = ? and t.lender_id = ? [ '1', 1 ]

      at log (tests/mocks/statefulDb.js:8:13)

  console.log
    Approve failed: { error: 'Transaction not found or not authorized' }

      at Object.log (tests/credits.test.js:163:15)

node.exe : FAIL tests/credits.test.js
At line:1 char:1
+ & "C:\Program Files\nodejs/node.exe" "C:\Program Files\nodejs/node_mo 
...
+ ~~~~~~~~~~~~~~~~~~~~~~~~~~~~~~~~~~~~~~~~~~~~~~~~~~~~~~~~~~~~~~~~~~~~~
    + CategoryInfo          : NotSpecified: (FAIL tests/credits.test.js:S 
   tring) [], RemoteException
    + FullyQualifiedErrorId : NativeCommandError
 
  Credits System Integration
    ΓêÜ new users start with 100 credits (39 ms)
    ├ù borrow flow updates status (92 ms)

  ΓùÅ Credits System Integration ΓÇ║ borrow flow updates status

    expect(received).toBe(expected) // Object.is equality

    Expected: 200
    Received: 404

    [0m [90m 163 |[39m       console[33m.[39mlog([32m'Approve 
failed:'[39m[33m,[39m approveRes[33m.[39mbody)[33m;[39m
     [90m 164 |[39m     }
    [31m[1m>[22m[39m[90m 165 |[39m     expect(approveRes[33m.[39ms
tatusCode)[33m.[39mtoBe([35m200[39m)[33m;[39m
     [90m     |[39m                                   
[31m[1m^[22m[39m
     [90m 166 |[39m     
expect(mockDb[33m.[39mtransactions[33m.[39mfind(t [33m=>[39m 
t[33m.[39mid [33m===[39m 
txId)[33m.[39mstatus)[33m.[39mtoBe([32m'approved'[39m)[33m;[39m
     [90m 167 |[39m   })[33m;[39m
     [90m 168 |[39m })[33m;[39m[0m

      at Object.toBe (tests/credits.test.js:165:35)

Test Suites: 1 failed, 1 total
Tests:       1 failed, 1 passed, 2 total
Snapshots:   0 total
Time:        1.048 s, estimated 30 s
Ran all test suites matching tests/credits.test.js.
